Test log written
